// Jest Snapshot v1, https://goo.gl/fbAQLP

exports[`DictLogAssertion shallow renders SortButtonGroup component 1`] = `
ShallowWrapper {
  Symbol(enzyme.__root__): [Circular],
  Symbol(enzyme.__unrendered__): <SortButtonGroup
    defaultSortType={3}
    flattenedDict={
        Array [
            Array [
              0,
              "foo",
              "Passed",
              Array [
                "int",
                "1",
              ],
              Array [
                "int",
                "1",
              ],
            ],
            Array [
              0,
              "bar",
              "Failed",
              Array [
                "int",
                "2",
              ],
              Array [
                "int",
                "5",
              ],
            ],
            Array [
              0,
              "extra-key",
              "Failed",
              Array [
                null,
                "ABSENT",
              ],
              Array [
                "int",
                "10",
              ],
            ],
          ]
    }
    setRowData={[Function]}
    sortTypeList={
        Array [
            1,
            2,
            3,
            4,
          ]
    }
    uid="sort-test-uid"
/>,
  Symbol(enzyme.__renderer__): Object {
    "batchedUpdates": [Function],
    "getNode": [Function],
    "render": [Function],
    "simulateError": [Function],
    "simulateEvent": [Function],
    "unmount": [Function],
  },
  Symbol(enzyme.__node__): Object {
    "instance": null,
    "key": undefined,
    "nodeType": "function",
    "props": Object {
      "children": Array [
        <Button
          active={false}
          color="secondary"
          onClick={[Function]}
          outline={true}
          size="sm"
          tag="button"
>
          <FontAwesomeIcon
                    border={false}
                    className=""
                    fixedWidth={false}
                    flip={null}
                    icon="sort-amount-down"
                    inverse={false}
                    listItem={false}
                    mask={null}
                    pull={null}
                    pulse={false}
                    rotation={null}
                    size="sm"
                    spin={false}
                    symbol={false}
                    title=""
                    transform={null}
          />
</Button>,
        <Button
          active={false}
          color="secondary"
          onClick={[Function]}
          outline={true}
          size="sm"
          tag="button"
>
          <FontAwesomeIcon
                    border={false}
                    className=""
                    fixedWidth={false}
                    flip={null}
                    icon="sort-amount-up"
                    inverse={false}
                    listItem={false}
                    mask={null}
                    pull={null}
                    pulse={false}
                    rotation={null}
                    size="sm"
                    spin={false}
                    symbol={false}
                    title=""
                    transform={null}
          />
</Button>,
        <Button
          active={true}
          color="secondary"
          onClick={[Function]}
          outline={true}
          size="sm"
          tag="button"
>
          Status
</Button>,
        <Button
          active={false}
          color="secondary"
          onClick={[Function]}
          outline={true}
          size="sm"
          tag="button"
>
          Failures only
</Button>,
      ],
      "role": "group",
      "style": Object {
        "paddingBottom": ".5rem",
      },
      "tag": "div",
    },
    "ref": null,
    "rendered": Array [
      Object {
        "instance": null,
        "key": "sort-test-uid1",
        "nodeType": "class",
        "props": Object {
          "active": false,
          "children": <FontAwesomeIcon
            border={false}
            className=""
            fixedWidth={false}
            flip={null}
            icon="sort-amount-down"
            inverse={false}
            listItem={false}
            mask={null}
            pull={null}
            pulse={false}
            rotation={null}
            size="sm"
            spin={false}
            symbol={false}
            title=""
            transform={null}
/>,
          "color": "secondary",
          "onClick": [Function],
          "outline": true,
          "size": "sm",
          "tag": "button",
        },
        "ref": null,
        "rendered": Object {
          "instance": null,
          "key": "faSortAmountDown",
          "nodeType": "function",
          "props": Object {
            "border": false,
            "className": "",
            "fixedWidth": false,
            "flip": null,
            "icon": "sort-amount-down",
            "inverse": false,
            "listItem": false,
            "mask": null,
            "pull": null,
            "pulse": false,
            "rotation": null,
            "size": "sm",
            "spin": false,
            "symbol": false,
            "title": "",
            "transform": null,
          },
          "ref": null,
          "rendered": null,
          "type": [Function],
        },
        "type": [Function],
      },
      Object {
        "instance": null,
        "key": "sort-test-uid2",
        "nodeType": "class",
        "props": Object {
          "active": false,
          "children": <FontAwesomeIcon
            border={false}
            className=""
            fixedWidth={false}
            flip={null}
            icon="sort-amount-up"
            inverse={false}
            listItem={false}
            mask={null}
            pull={null}
            pulse={false}
            rotation={null}
            size="sm"
            spin={false}
            symbol={false}
            title=""
            transform={null}
/>,
          "color": "secondary",
          "onClick": [Function],
          "outline": true,
          "size": "sm",
          "tag": "button",
        },
        "ref": null,
        "rendered": Object {
          "instance": null,
          "key": "faSortAmountUp",
          "nodeType": "function",
          "props": Object {
            "border": false,
            "className": "",
            "fixedWidth": false,
            "flip": null,
            "icon": "sort-amount-up",
            "inverse": false,
            "listItem": false,
            "mask": null,
            "pull": null,
            "pulse": false,
            "rotation": null,
            "size": "sm",
            "spin": false,
            "symbol": false,
            "title": "",
            "transform": null,
          },
          "ref": null,
          "rendered": null,
          "type": [Function],
        },
        "type": [Function],
      },
      Object {
        "instance": null,
        "key": "sort-test-uid3",
        "nodeType": "class",
        "props": Object {
          "active": true,
          "children": "Status",
          "color": "secondary",
          "onClick": [Function],
          "outline": true,
          "size": "sm",
          "tag": "button",
        },
        "ref": null,
        "rendered": "Status",
        "type": [Function],
      },
      Object {
        "instance": null,
        "key": "sort-test-uid4",
        "nodeType": "class",
        "props": Object {
          "active": false,
          "children": "Failures only",
          "color": "secondary",
          "onClick": [Function],
          "outline": true,
          "size": "sm",
          "tag": "button",
        },
        "ref": null,
        "rendered": "Failures only",
        "type": [Function],
      },
    ],
    "type": [Function],
  },
  Symbol(enzyme.__nodes__): Array [
    Object {
      "instance": null,
      "key": undefined,
      "nodeType": "function",
      "props": Object {
        "children": Array [
          <Button
            active={false}
            color="secondary"
            onClick={[Function]}
            outline={true}
            size="sm"
            tag="button"
>
            <FontAwesomeIcon
                        border={false}
                        className=""
                        fixedWidth={false}
                        flip={null}
                        icon="sort-amount-down"
                        inverse={false}
                        listItem={false}
                        mask={null}
                        pull={null}
                        pulse={false}
                        rotation={null}
                        size="sm"
                        spin={false}
                        symbol={false}
                        title=""
                        transform={null}
            />
</Button>,
          <Button
            active={false}
            color="secondary"
            onClick={[Function]}
            outline={true}
            size="sm"
            tag="button"
>
            <FontAwesomeIcon
                        border={false}
                        className=""
                        fixedWidth={false}
                        flip={null}
                        icon="sort-amount-up"
                        inverse={false}
                        listItem={false}
                        mask={null}
                        pull={null}
                        pulse={false}
                        rotation={null}
                        size="sm"
                        spin={false}
                        symbol={false}
                        title=""
                        transform={null}
            />
</Button>,
          <Button
            active={true}
            color="secondary"
            onClick={[Function]}
            outline={true}
            size="sm"
            tag="button"
>
            Status
</Button>,
          <Button
            active={false}
            color="secondary"
            onClick={[Function]}
            outline={true}
            size="sm"
            tag="button"
>
            Failures only
</Button>,
        ],
        "role": "group",
        "style": Object {
          "paddingBottom": ".5rem",
        },
        "tag": "div",
      },
      "ref": null,
      "rendered": Array [
        Object {
          "instance": null,
          "key": "sort-test-uid1",
          "nodeType": "class",
          "props": Object {
            "active": false,
            "children": <FontAwesomeIcon
              border={false}
              className=""
              fixedWidth={false}
              flip={null}
              icon="sort-amount-down"
              inverse={false}
              listItem={false}
              mask={null}
              pull={null}
              pulse={false}
              rotation={null}
              size="sm"
              spin={false}
              symbol={false}
              title=""
              transform={null}
/>,
            "color": "secondary",
            "onClick": [Function],
            "outline": true,
            "size": "sm",
            "tag": "button",
          },
          "ref": null,
          "rendered": Object {
            "instance": null,
            "key": "faSortAmountDown",
            "nodeType": "function",
            "props": Object {
              "border": false,
              "className": "",
              "fixedWidth": false,
              "flip": null,
              "icon": "sort-amount-down",
              "inverse": false,
              "listItem": false,
              "mask": null,
              "pull": null,
              "pulse": false,
              "rotation": null,
              "size": "sm",
              "spin": false,
              "symbol": false,
              "title": "",
              "transform": null,
            },
            "ref": null,
            "rendered": null,
            "type": [Function],
          },
          "type": [Function],
        },
        Object {
          "instance": null,
          "key": "sort-test-uid2",
          "nodeType": "class",
          "props": Object {
            "active": false,
            "children": <FontAwesomeIcon
              border={false}
              className=""
              fixedWidth={false}
              flip={null}
              icon="sort-amount-up"
              inverse={false}
              listItem={false}
              mask={null}
              pull={null}
              pulse={false}
              rotation={null}
              size="sm"
              spin={false}
              symbol={false}
              title=""
              transform={null}
/>,
            "color": "secondary",
            "onClick": [Function],
            "outline": true,
            "size": "sm",
            "tag": "button",
          },
          "ref": null,
          "rendered": Object {
            "instance": null,
            "key": "faSortAmountUp",
            "nodeType": "function",
            "props": Object {
              "border": false,
              "className": "",
              "fixedWidth": false,
              "flip": null,
              "icon": "sort-amount-up",
              "inverse": false,
              "listItem": false,
              "mask": null,
              "pull": null,
              "pulse": false,
              "rotation": null,
              "size": "sm",
              "spin": false,
              "symbol": false,
              "title": "",
              "transform": null,
            },
            "ref": null,
            "rendered": null,
            "type": [Function],
          },
          "type": [Function],
        },
        Object {
          "instance": null,
          "key": "sort-test-uid3",
          "nodeType": "class",
          "props": Object {
            "active": true,
            "children": "Status",
            "color": "secondary",
            "onClick": [Function],
            "outline": true,
            "size": "sm",
            "tag": "button",
          },
          "ref": null,
          "rendered": "Status",
          "type": [Function],
        },
        Object {
          "instance": null,
          "key": "sort-test-uid4",
          "nodeType": "class",
          "props": Object {
            "active": false,
            "children": "Failures only",
            "color": "secondary",
            "onClick": [Function],
            "outline": true,
            "size": "sm",
            "tag": "button",
          },
          "ref": null,
          "rendered": "Failures only",
          "type": [Function],
        },
      ],
      "type": [Function],
    },
  ],
  Symbol(enzyme.__options__): Object {
    "adapter": ReactSixteenAdapter {
      "options": Object {
        "enableComponentDidUpdateOnSetState": true,
        "lifecycles": Object {
          "componentDidUpdate": Object {
            "onSetState": true,
          },
          "getDerivedStateFromProps": true,
          "getSnapshotBeforeUpdate": true,
          "setState": Object {
            "skipsComponentDidUpdateOnNullish": true,
          },
        },
      },
    },
  },
}
`;
