// Jest Snapshot v1, https://goo.gl/fbAQLP

exports[`Assertion shallow renders the correct HTML structure 1`] = `
ShallowWrapper {
  Symbol(enzyme.__root__): [Circular],
  Symbol(enzyme.__unrendered__): <Assertion
    assertion={
        Object {
            "category": "DEFAULT",
            "description": null,
            "first": "foo",
            "label": "==",
            "line_no": 25,
            "machine_time": "2019-02-12T17:41:42.795536+00:00",
            "meta_type": "assertion",
            "passed": true,
            "second": "foo",
            "type": "Equal",
            "utc_time": "2019-02-12T17:41:42.795530+00:00",
          }
    }
    globalIsOpen={true}
    index={0}
    resetGlobalIsOpen={[Function]}
/>,
  Symbol(enzyme.__renderer__): Object {
    "batchedUpdates": [Function],
    "getNode": [Function],
    "render": [Function],
    "simulateError": [Function],
    "simulateEvent": [Function],
    "unmount": [Function],
  },
  Symbol(enzyme.__node__): Object {
    "instance": null,
    "key": undefined,
    "nodeType": "function",
    "props": Object {
      "children": Array [
        <AssertionHeader
          assertion={
                    Object {
                              "category": "DEFAULT",
                              "description": null,
                              "first": "foo",
                              "label": "==",
                              "line_no": 25,
                              "machine_time": "2019-02-12T17:41:42.795536+00:00",
                              "meta_type": "assertion",
                              "passed": true,
                              "second": "foo",
                              "type": "Equal",
                              "utc_time": "2019-02-12T17:41:42.795530+00:00",
                            }
          }
          index={0}
          onClick={[Function]}
/>,
        <Collapse
          appear={false}
          className="collapseDiv_1cips5t"
          enter={true}
          exit={true}
          in={false}
          isOpen={true}
          mountOnEnter={false}
          onEnter={[Function]}
          onEntered={[Function]}
          onEntering={[Function]}
          onExit={[Function]}
          onExited={[Function]}
          onExiting={[Function]}
          style={
                    Object {
                              "paddingRight": "1.25rem",
                            }
          }
          tag="div"
          timeout={350}
          unmountOnExit={false}
>
          <CardBody
                    className="assertionCardBody_1t2a0td"
                    tag="div"
          >
                    <BasicAssertion
                              assertion={
                                        Object {
                                                  "category": "DEFAULT",
                                                  "description": null,
                                                  "first": "foo",
                                                  "label": "==",
                                                  "line_no": 25,
                                                  "machine_time": "2019-02-12T17:41:42.795536+00:00",
                                                  "meta_type": "assertion",
                                                  "passed": true,
                                                  "second": "foo",
                                                  "type": "Equal",
                                                  "utc_time": "2019-02-12T17:41:42.795530+00:00",
                                                }
                              }
                    />
          </CardBody>
</Collapse>,
      ],
      "className": "card_10lpuz2",
      "tag": "div",
    },
    "ref": null,
    "rendered": Array [
      Object {
        "instance": null,
        "key": undefined,
        "nodeType": "class",
        "props": Object {
          "assertion": Object {
            "category": "DEFAULT",
            "description": null,
            "first": "foo",
            "label": "==",
            "line_no": 25,
            "machine_time": "2019-02-12T17:41:42.795536+00:00",
            "meta_type": "assertion",
            "passed": true,
            "second": "foo",
            "type": "Equal",
            "utc_time": "2019-02-12T17:41:42.795530+00:00",
          },
          "index": 0,
          "onClick": [Function],
        },
        "ref": null,
        "rendered": null,
        "type": [Function],
      },
      Object {
        "instance": null,
        "key": undefined,
        "nodeType": "class",
        "props": Object {
          "appear": false,
          "children": <CardBody
            className="assertionCardBody_1t2a0td"
            tag="div"
>
            <BasicAssertion
                        assertion={
                                    Object {
                                                "category": "DEFAULT",
                                                "description": null,
                                                "first": "foo",
                                                "label": "==",
                                                "line_no": 25,
                                                "machine_time": "2019-02-12T17:41:42.795536+00:00",
                                                "meta_type": "assertion",
                                                "passed": true,
                                                "second": "foo",
                                                "type": "Equal",
                                                "utc_time": "2019-02-12T17:41:42.795530+00:00",
                                              }
                        }
            />
</CardBody>,
          "className": "collapseDiv_1cips5t",
          "enter": true,
          "exit": true,
          "in": false,
          "isOpen": true,
          "mountOnEnter": false,
          "onEnter": [Function],
          "onEntered": [Function],
          "onEntering": [Function],
          "onExit": [Function],
          "onExited": [Function],
          "onExiting": [Function],
          "style": Object {
            "paddingRight": "1.25rem",
          },
          "tag": "div",
          "timeout": 350,
          "unmountOnExit": false,
        },
        "ref": null,
        "rendered": Object {
          "instance": null,
          "key": undefined,
          "nodeType": "function",
          "props": Object {
            "children": <BasicAssertion
              assertion={
                            Object {
                                          "category": "DEFAULT",
                                          "description": null,
                                          "first": "foo",
                                          "label": "==",
                                          "line_no": 25,
                                          "machine_time": "2019-02-12T17:41:42.795536+00:00",
                                          "meta_type": "assertion",
                                          "passed": true,
                                          "second": "foo",
                                          "type": "Equal",
                                          "utc_time": "2019-02-12T17:41:42.795530+00:00",
                                        }
              }
/>,
            "className": "assertionCardBody_1t2a0td",
            "tag": "div",
          },
          "ref": null,
          "rendered": Object {
            "instance": null,
            "key": undefined,
            "nodeType": "class",
            "props": Object {
              "assertion": Object {
                "category": "DEFAULT",
                "description": null,
                "first": "foo",
                "label": "==",
                "line_no": 25,
                "machine_time": "2019-02-12T17:41:42.795536+00:00",
                "meta_type": "assertion",
                "passed": true,
                "second": "foo",
                "type": "Equal",
                "utc_time": "2019-02-12T17:41:42.795530+00:00",
              },
            },
            "ref": null,
            "rendered": null,
            "type": [Function],
          },
          "type": [Function],
        },
        "type": [Function],
      },
    ],
    "type": [Function],
  },
  Symbol(enzyme.__nodes__): Array [
    Object {
      "instance": null,
      "key": undefined,
      "nodeType": "function",
      "props": Object {
        "children": Array [
          <AssertionHeader
            assertion={
                        Object {
                                    "category": "DEFAULT",
                                    "description": null,
                                    "first": "foo",
                                    "label": "==",
                                    "line_no": 25,
                                    "machine_time": "2019-02-12T17:41:42.795536+00:00",
                                    "meta_type": "assertion",
                                    "passed": true,
                                    "second": "foo",
                                    "type": "Equal",
                                    "utc_time": "2019-02-12T17:41:42.795530+00:00",
                                  }
            }
            index={0}
            onClick={[Function]}
/>,
          <Collapse
            appear={false}
            className="collapseDiv_1cips5t"
            enter={true}
            exit={true}
            in={false}
            isOpen={true}
            mountOnEnter={false}
            onEnter={[Function]}
            onEntered={[Function]}
            onEntering={[Function]}
            onExit={[Function]}
            onExited={[Function]}
            onExiting={[Function]}
            style={
                        Object {
                                    "paddingRight": "1.25rem",
                                  }
            }
            tag="div"
            timeout={350}
            unmountOnExit={false}
>
            <CardBody
                        className="assertionCardBody_1t2a0td"
                        tag="div"
            >
                        <BasicAssertion
                                    assertion={
                                                Object {
                                                            "category": "DEFAULT",
                                                            "description": null,
                                                            "first": "foo",
                                                            "label": "==",
                                                            "line_no": 25,
                                                            "machine_time": "2019-02-12T17:41:42.795536+00:00",
                                                            "meta_type": "assertion",
                                                            "passed": true,
                                                            "second": "foo",
                                                            "type": "Equal",
                                                            "utc_time": "2019-02-12T17:41:42.795530+00:00",
                                                          }
                                    }
                        />
            </CardBody>
</Collapse>,
        ],
        "className": "card_10lpuz2",
        "tag": "div",
      },
      "ref": null,
      "rendered": Array [
        Object {
          "instance": null,
          "key": undefined,
          "nodeType": "class",
          "props": Object {
            "assertion": Object {
              "category": "DEFAULT",
              "description": null,
              "first": "foo",
              "label": "==",
              "line_no": 25,
              "machine_time": "2019-02-12T17:41:42.795536+00:00",
              "meta_type": "assertion",
              "passed": true,
              "second": "foo",
              "type": "Equal",
              "utc_time": "2019-02-12T17:41:42.795530+00:00",
            },
            "index": 0,
            "onClick": [Function],
          },
          "ref": null,
          "rendered": null,
          "type": [Function],
        },
        Object {
          "instance": null,
          "key": undefined,
          "nodeType": "class",
          "props": Object {
            "appear": false,
            "children": <CardBody
              className="assertionCardBody_1t2a0td"
              tag="div"
>
              <BasicAssertion
                            assertion={
                                          Object {
                                                        "category": "DEFAULT",
                                                        "description": null,
                                                        "first": "foo",
                                                        "label": "==",
                                                        "line_no": 25,
                                                        "machine_time": "2019-02-12T17:41:42.795536+00:00",
                                                        "meta_type": "assertion",
                                                        "passed": true,
                                                        "second": "foo",
                                                        "type": "Equal",
                                                        "utc_time": "2019-02-12T17:41:42.795530+00:00",
                                                      }
                            }
              />
</CardBody>,
            "className": "collapseDiv_1cips5t",
            "enter": true,
            "exit": true,
            "in": false,
            "isOpen": true,
            "mountOnEnter": false,
            "onEnter": [Function],
            "onEntered": [Function],
            "onEntering": [Function],
            "onExit": [Function],
            "onExited": [Function],
            "onExiting": [Function],
            "style": Object {
              "paddingRight": "1.25rem",
            },
            "tag": "div",
            "timeout": 350,
            "unmountOnExit": false,
          },
          "ref": null,
          "rendered": Object {
            "instance": null,
            "key": undefined,
            "nodeType": "function",
            "props": Object {
              "children": <BasicAssertion
                assertion={
                                Object {
                                                "category": "DEFAULT",
                                                "description": null,
                                                "first": "foo",
                                                "label": "==",
                                                "line_no": 25,
                                                "machine_time": "2019-02-12T17:41:42.795536+00:00",
                                                "meta_type": "assertion",
                                                "passed": true,
                                                "second": "foo",
                                                "type": "Equal",
                                                "utc_time": "2019-02-12T17:41:42.795530+00:00",
                                              }
                }
/>,
              "className": "assertionCardBody_1t2a0td",
              "tag": "div",
            },
            "ref": null,
            "rendered": Object {
              "instance": null,
              "key": undefined,
              "nodeType": "class",
              "props": Object {
                "assertion": Object {
                  "category": "DEFAULT",
                  "description": null,
                  "first": "foo",
                  "label": "==",
                  "line_no": 25,
                  "machine_time": "2019-02-12T17:41:42.795536+00:00",
                  "meta_type": "assertion",
                  "passed": true,
                  "second": "foo",
                  "type": "Equal",
                  "utc_time": "2019-02-12T17:41:42.795530+00:00",
                },
              },
              "ref": null,
              "rendered": null,
              "type": [Function],
            },
            "type": [Function],
          },
          "type": [Function],
        },
      ],
      "type": [Function],
    },
  ],
  Symbol(enzyme.__options__): Object {
    "adapter": ReactSixteenAdapter {
      "options": Object {
        "enableComponentDidUpdateOnSetState": true,
        "lifecycles": Object {
          "componentDidUpdate": Object {
            "onSetState": true,
          },
          "getDerivedStateFromProps": true,
          "getSnapshotBeforeUpdate": true,
          "setState": Object {
            "skipsComponentDidUpdateOnNullish": true,
          },
        },
      },
    },
  },
}
`;
