// Jest Snapshot v1, https://goo.gl/fbAQLP

exports[`AssertionPane shallow renders the correct HTML structure 1`] = `
ShallowWrapper {
  Symbol(enzyme.__root__): [Circular],
  Symbol(enzyme.__unrendered__): <AssertionPane
    assertions={
        Array [
            Object {
              "category": "DEFAULT",
              "description": null,
              "first": "foo",
              "label": "==",
              "line_no": 25,
              "machine_time": "2019-02-12T17:41:42.795536+00:00",
              "meta_type": "assertion",
              "passed": true,
              "second": "foo",
              "type": "Equal",
              "utc_time": "2019-02-12T17:41:42.795530+00:00",
            },
          ]
    }
    left={19.5}
    testcaseUid="22758cc5-8a89-472b-bf67-b64dbc2c0b40"
/>,
  Symbol(enzyme.__renderer__): Object {
    "batchedUpdates": [Function],
    "getNode": [Function],
    "render": [Function],
    "simulateError": [Function],
    "simulateEvent": [Function],
    "unmount": [Function],
  },
  Symbol(enzyme.__node__): Object {
    "instance": null,
    "key": undefined,
    "nodeType": "host",
    "props": Object {
      "children": Array [
        <div
          className="buttonsDiv_140n9qh"
>
          <FontAwesomeIcon
                    border={false}
                    className="icon_1rr1rr0"
                    fixedWidth={false}
                    flip={null}
                    icon="plus-square"
                    inverse={false}
                    listItem={false}
                    mask={null}
                    onClick={[Function]}
                    pull={null}
                    pulse={false}
                    rotation={null}
                    size="2x"
                    spin={false}
                    symbol={false}
                    title=""
                    transform={null}
          />
          <FontAwesomeIcon
                    border={false}
                    className="icon_1rr1rr0"
                    fixedWidth={false}
                    flip={null}
                    icon="minus-square"
                    inverse={false}
                    listItem={false}
                    mask={null}
                    onClick={[Function]}
                    pull={null}
                    pulse={false}
                    rotation={null}
                    size="2x"
                    spin={false}
                    symbol={false}
                    title=""
                    transform={null}
          />
</div>,
        <div
          className="infiniteScrollDiv_4z6319"
>
          <InfiniteScroll
                    items={
                              Array [
                                        Object {
                                          "category": "DEFAULT",
                                          "description": null,
                                          "first": "foo",
                                          "label": "==",
                                          "line_no": 25,
                                          "machine_time": "2019-02-12T17:41:42.795536+00:00",
                                          "meta_type": "assertion",
                                          "passed": true,
                                          "second": "foo",
                                          "type": "Equal",
                                          "utc_time": "2019-02-12T17:41:42.795530+00:00",
                                        },
                                      ]
                    }
          >
                    <AssertionGroup
                              entries={Array []}
                              globalIsOpen={undefined}
                              resetGlobalIsOpen={[Function]}
                    />
          </InfiniteScroll>
</div>,
      ],
      "style": Object {
        "height": "calc(100% - 5em)",
        "left": "19.5em",
        "position": "absolute",
        "top": "5em",
        "width": "calc(100% - 19.5em)",
      },
    },
    "ref": null,
    "rendered": Array [
      Object {
        "instance": null,
        "key": undefined,
        "nodeType": "host",
        "props": Object {
          "children": Array [
            <FontAwesomeIcon
              border={false}
              className="icon_1rr1rr0"
              fixedWidth={false}
              flip={null}
              icon="plus-square"
              inverse={false}
              listItem={false}
              mask={null}
              onClick={[Function]}
              pull={null}
              pulse={false}
              rotation={null}
              size="2x"
              spin={false}
              symbol={false}
              title=""
              transform={null}
/>,
            <FontAwesomeIcon
              border={false}
              className="icon_1rr1rr0"
              fixedWidth={false}
              flip={null}
              icon="minus-square"
              inverse={false}
              listItem={false}
              mask={null}
              onClick={[Function]}
              pull={null}
              pulse={false}
              rotation={null}
              size="2x"
              spin={false}
              symbol={false}
              title=""
              transform={null}
/>,
          ],
          "className": "buttonsDiv_140n9qh",
        },
        "ref": null,
        "rendered": Array [
          Object {
            "instance": null,
            "key": "faPlusSquare",
            "nodeType": "function",
            "props": Object {
              "border": false,
              "className": "icon_1rr1rr0",
              "fixedWidth": false,
              "flip": null,
              "icon": "plus-square",
              "inverse": false,
              "listItem": false,
              "mask": null,
              "onClick": [Function],
              "pull": null,
              "pulse": false,
              "rotation": null,
              "size": "2x",
              "spin": false,
              "symbol": false,
              "title": "",
              "transform": null,
            },
            "ref": null,
            "rendered": null,
            "type": [Function],
          },
          Object {
            "instance": null,
            "key": "faMinusSquare",
            "nodeType": "function",
            "props": Object {
              "border": false,
              "className": "icon_1rr1rr0",
              "fixedWidth": false,
              "flip": null,
              "icon": "minus-square",
              "inverse": false,
              "listItem": false,
              "mask": null,
              "onClick": [Function],
              "pull": null,
              "pulse": false,
              "rotation": null,
              "size": "2x",
              "spin": false,
              "symbol": false,
              "title": "",
              "transform": null,
            },
            "ref": null,
            "rendered": null,
            "type": [Function],
          },
        ],
        "type": "div",
      },
      Object {
        "instance": null,
        "key": undefined,
        "nodeType": "host",
        "props": Object {
          "children": <InfiniteScroll
            items={
                        Array [
                                    Object {
                                      "category": "DEFAULT",
                                      "description": null,
                                      "first": "foo",
                                      "label": "==",
                                      "line_no": 25,
                                      "machine_time": "2019-02-12T17:41:42.795536+00:00",
                                      "meta_type": "assertion",
                                      "passed": true,
                                      "second": "foo",
                                      "type": "Equal",
                                      "utc_time": "2019-02-12T17:41:42.795530+00:00",
                                    },
                                  ]
            }
>
            <AssertionGroup
                        entries={Array []}
                        globalIsOpen={undefined}
                        resetGlobalIsOpen={[Function]}
            />
</InfiniteScroll>,
          "className": "infiniteScrollDiv_4z6319",
        },
        "ref": null,
        "rendered": Object {
          "instance": null,
          "key": "22758cc5-8a89-472b-bf67-b64dbc2c0b40",
          "nodeType": "class",
          "props": Object {
            "children": <AssertionGroup
              entries={Array []}
              globalIsOpen={undefined}
              resetGlobalIsOpen={[Function]}
/>,
            "items": Array [
              Object {
                "category": "DEFAULT",
                "description": null,
                "first": "foo",
                "label": "==",
                "line_no": 25,
                "machine_time": "2019-02-12T17:41:42.795536+00:00",
                "meta_type": "assertion",
                "passed": true,
                "second": "foo",
                "type": "Equal",
                "utc_time": "2019-02-12T17:41:42.795530+00:00",
              },
            ],
          },
          "ref": null,
          "rendered": Object {
            "instance": null,
            "key": undefined,
            "nodeType": "class",
            "props": Object {
              "entries": Array [],
              "globalIsOpen": undefined,
              "resetGlobalIsOpen": [Function],
            },
            "ref": null,
            "rendered": null,
            "type": [Function],
          },
          "type": [Function],
        },
        "type": "div",
      },
    ],
    "type": "div",
  },
  Symbol(enzyme.__nodes__): Array [
    Object {
      "instance": null,
      "key": undefined,
      "nodeType": "host",
      "props": Object {
        "children": Array [
          <div
            className="buttonsDiv_140n9qh"
>
            <FontAwesomeIcon
                        border={false}
                        className="icon_1rr1rr0"
                        fixedWidth={false}
                        flip={null}
                        icon="plus-square"
                        inverse={false}
                        listItem={false}
                        mask={null}
                        onClick={[Function]}
                        pull={null}
                        pulse={false}
                        rotation={null}
                        size="2x"
                        spin={false}
                        symbol={false}
                        title=""
                        transform={null}
            />
            <FontAwesomeIcon
                        border={false}
                        className="icon_1rr1rr0"
                        fixedWidth={false}
                        flip={null}
                        icon="minus-square"
                        inverse={false}
                        listItem={false}
                        mask={null}
                        onClick={[Function]}
                        pull={null}
                        pulse={false}
                        rotation={null}
                        size="2x"
                        spin={false}
                        symbol={false}
                        title=""
                        transform={null}
            />
</div>,
          <div
            className="infiniteScrollDiv_4z6319"
>
            <InfiniteScroll
                        items={
                                    Array [
                                                Object {
                                                  "category": "DEFAULT",
                                                  "description": null,
                                                  "first": "foo",
                                                  "label": "==",
                                                  "line_no": 25,
                                                  "machine_time": "2019-02-12T17:41:42.795536+00:00",
                                                  "meta_type": "assertion",
                                                  "passed": true,
                                                  "second": "foo",
                                                  "type": "Equal",
                                                  "utc_time": "2019-02-12T17:41:42.795530+00:00",
                                                },
                                              ]
                        }
            >
                        <AssertionGroup
                                    entries={Array []}
                                    globalIsOpen={undefined}
                                    resetGlobalIsOpen={[Function]}
                        />
            </InfiniteScroll>
</div>,
        ],
        "style": Object {
          "height": "calc(100% - 5em)",
          "left": "19.5em",
          "position": "absolute",
          "top": "5em",
          "width": "calc(100% - 19.5em)",
        },
      },
      "ref": null,
      "rendered": Array [
        Object {
          "instance": null,
          "key": undefined,
          "nodeType": "host",
          "props": Object {
            "children": Array [
              <FontAwesomeIcon
                border={false}
                className="icon_1rr1rr0"
                fixedWidth={false}
                flip={null}
                icon="plus-square"
                inverse={false}
                listItem={false}
                mask={null}
                onClick={[Function]}
                pull={null}
                pulse={false}
                rotation={null}
                size="2x"
                spin={false}
                symbol={false}
                title=""
                transform={null}
/>,
              <FontAwesomeIcon
                border={false}
                className="icon_1rr1rr0"
                fixedWidth={false}
                flip={null}
                icon="minus-square"
                inverse={false}
                listItem={false}
                mask={null}
                onClick={[Function]}
                pull={null}
                pulse={false}
                rotation={null}
                size="2x"
                spin={false}
                symbol={false}
                title=""
                transform={null}
/>,
            ],
            "className": "buttonsDiv_140n9qh",
          },
          "ref": null,
          "rendered": Array [
            Object {
              "instance": null,
              "key": "faPlusSquare",
              "nodeType": "function",
              "props": Object {
                "border": false,
                "className": "icon_1rr1rr0",
                "fixedWidth": false,
                "flip": null,
                "icon": "plus-square",
                "inverse": false,
                "listItem": false,
                "mask": null,
                "onClick": [Function],
                "pull": null,
                "pulse": false,
                "rotation": null,
                "size": "2x",
                "spin": false,
                "symbol": false,
                "title": "",
                "transform": null,
              },
              "ref": null,
              "rendered": null,
              "type": [Function],
            },
            Object {
              "instance": null,
              "key": "faMinusSquare",
              "nodeType": "function",
              "props": Object {
                "border": false,
                "className": "icon_1rr1rr0",
                "fixedWidth": false,
                "flip": null,
                "icon": "minus-square",
                "inverse": false,
                "listItem": false,
                "mask": null,
                "onClick": [Function],
                "pull": null,
                "pulse": false,
                "rotation": null,
                "size": "2x",
                "spin": false,
                "symbol": false,
                "title": "",
                "transform": null,
              },
              "ref": null,
              "rendered": null,
              "type": [Function],
            },
          ],
          "type": "div",
        },
        Object {
          "instance": null,
          "key": undefined,
          "nodeType": "host",
          "props": Object {
            "children": <InfiniteScroll
              items={
                            Array [
                                          Object {
                                            "category": "DEFAULT",
                                            "description": null,
                                            "first": "foo",
                                            "label": "==",
                                            "line_no": 25,
                                            "machine_time": "2019-02-12T17:41:42.795536+00:00",
                                            "meta_type": "assertion",
                                            "passed": true,
                                            "second": "foo",
                                            "type": "Equal",
                                            "utc_time": "2019-02-12T17:41:42.795530+00:00",
                                          },
                                        ]
              }
>
              <AssertionGroup
                            entries={Array []}
                            globalIsOpen={undefined}
                            resetGlobalIsOpen={[Function]}
              />
</InfiniteScroll>,
            "className": "infiniteScrollDiv_4z6319",
          },
          "ref": null,
          "rendered": Object {
            "instance": null,
            "key": "22758cc5-8a89-472b-bf67-b64dbc2c0b40",
            "nodeType": "class",
            "props": Object {
              "children": <AssertionGroup
                entries={Array []}
                globalIsOpen={undefined}
                resetGlobalIsOpen={[Function]}
/>,
              "items": Array [
                Object {
                  "category": "DEFAULT",
                  "description": null,
                  "first": "foo",
                  "label": "==",
                  "line_no": 25,
                  "machine_time": "2019-02-12T17:41:42.795536+00:00",
                  "meta_type": "assertion",
                  "passed": true,
                  "second": "foo",
                  "type": "Equal",
                  "utc_time": "2019-02-12T17:41:42.795530+00:00",
                },
              ],
            },
            "ref": null,
            "rendered": Object {
              "instance": null,
              "key": undefined,
              "nodeType": "class",
              "props": Object {
                "entries": Array [],
                "globalIsOpen": undefined,
                "resetGlobalIsOpen": [Function],
              },
              "ref": null,
              "rendered": null,
              "type": [Function],
            },
            "type": [Function],
          },
          "type": "div",
        },
      ],
      "type": "div",
    },
  ],
  Symbol(enzyme.__options__): Object {
    "adapter": ReactSixteenAdapter {
      "options": Object {
        "enableComponentDidUpdateOnSetState": true,
        "lifecycles": Object {
          "componentDidUpdate": Object {
            "onSetState": true,
          },
          "getDerivedStateFromProps": true,
          "getSnapshotBeforeUpdate": true,
          "setState": Object {
            "skipsComponentDidUpdateOnNullish": true,
          },
        },
      },
    },
  },
}
`;
