// Jest Snapshot v1, https://goo.gl/fbAQLP

exports[`DictLogAssertion shallow renders the correct HTML structure 1`] = `
ShallowWrapper {
  Symbol(enzyme.__root__): [Circular],
  Symbol(enzyme.__unrendered__): <ColumnContainAssertion
    assertion={
        Object {
            "category": "DEFAULT",
            "column": "symbol",
            "data": Array [
              Array [
                0,
                "AAPL",
                true,
              ],
              Array [
                1,
                "GOOG",
                false,
              ],
              Array [
                2,
                "FB",
                false,
              ],
              Array [
                3,
                "AMZN",
                true,
              ],
              Array [
                4,
                "MSFT",
                false,
              ],
            ],
            "description": null,
            "limit": null,
            "line_no": 454,
            "machine_time": "2019-02-12T17:41:43.215324+00:00",
            "meta_type": "assertion",
            "passed": false,
            "report_fails_only": false,
            "type": "ColumnContain",
            "utc_time": "2019-02-12T17:41:43.215318+00:00",
            "values": Array [
              "AAPL",
              "AMZN",
            ],
          }
    }
/>,
  Symbol(enzyme.__renderer__): Object {
    "batchedUpdates": [Function],
    "getNode": [Function],
    "render": [Function],
    "simulateError": [Function],
    "simulateEvent": [Function],
    "unmount": [Function],
  },
  Symbol(enzyme.__node__): Object {
    "instance": null,
    "key": undefined,
    "nodeType": "class",
    "props": Object {
      "columnDefs": Array [
        Object {
          "cellStyle": [Function],
          "field": "id",
          "headerName": "ID",
          "pinned": "left",
          "suppressResize": true,
          "suppressSizeToFit": true,
          "width": 72,
        },
        Object {
          "cellStyle": [Function],
          "field": "value",
          "headerName": "symbol",
        },
      ],
      "preText": <Unknown>
        Values: [
        "AAPL"
        , 
        "AMZN"
        ]
</Unknown>,
      "rowData": Array [
        Object {
          "expected": Array [
            "AAPL",
            "AMZN",
          ],
          "id": 0,
          "passed": true,
          "value": "AAPL",
        },
        Object {
          "expected": Array [
            "AAPL",
            "AMZN",
          ],
          "id": 1,
          "passed": false,
          "value": "GOOG",
        },
        Object {
          "expected": Array [
            "AAPL",
            "AMZN",
          ],
          "id": 2,
          "passed": false,
          "value": "FB",
        },
        Object {
          "expected": Array [
            "AAPL",
            "AMZN",
          ],
          "id": 3,
          "passed": true,
          "value": "AMZN",
        },
        Object {
          "expected": Array [
            "AAPL",
            "AMZN",
          ],
          "id": 4,
          "passed": false,
          "value": "MSFT",
        },
      ],
    },
    "ref": null,
    "rendered": null,
    "type": [Function],
  },
  Symbol(enzyme.__nodes__): Array [
    Object {
      "instance": null,
      "key": undefined,
      "nodeType": "class",
      "props": Object {
        "columnDefs": Array [
          Object {
            "cellStyle": [Function],
            "field": "id",
            "headerName": "ID",
            "pinned": "left",
            "suppressResize": true,
            "suppressSizeToFit": true,
            "width": 72,
          },
          Object {
            "cellStyle": [Function],
            "field": "value",
            "headerName": "symbol",
          },
        ],
        "preText": <Unknown>
          Values: [
          "AAPL"
          , 
          "AMZN"
          ]
</Unknown>,
        "rowData": Array [
          Object {
            "expected": Array [
              "AAPL",
              "AMZN",
            ],
            "id": 0,
            "passed": true,
            "value": "AAPL",
          },
          Object {
            "expected": Array [
              "AAPL",
              "AMZN",
            ],
            "id": 1,
            "passed": false,
            "value": "GOOG",
          },
          Object {
            "expected": Array [
              "AAPL",
              "AMZN",
            ],
            "id": 2,
            "passed": false,
            "value": "FB",
          },
          Object {
            "expected": Array [
              "AAPL",
              "AMZN",
            ],
            "id": 3,
            "passed": true,
            "value": "AMZN",
          },
          Object {
            "expected": Array [
              "AAPL",
              "AMZN",
            ],
            "id": 4,
            "passed": false,
            "value": "MSFT",
          },
        ],
      },
      "ref": null,
      "rendered": null,
      "type": [Function],
    },
  ],
  Symbol(enzyme.__options__): Object {
    "adapter": ReactSixteenAdapter {
      "options": Object {
        "enableComponentDidUpdateOnSetState": true,
        "lifecycles": Object {
          "componentDidUpdate": Object {
            "onSetState": true,
          },
          "getDerivedStateFromProps": true,
          "getSnapshotBeforeUpdate": true,
          "setState": Object {
            "skipsComponentDidUpdateOnNullish": true,
          },
        },
      },
    },
  },
}
`;
